[+] Containers:
 |- [+] Container: /Game/FirstPerson/Maps/FirstPersonMap
 |   |- [+] ActorDescs:
 |   |   |- Guid:066C507846245E814E2983AE37EE4536 NativeClass:/Script/Engine.StaticMeshActor Name:StaticMeshActor_UAID_107C614CA940335402_1431072182 Label:Cube7 SpatiallyLoaded:true EditorBounds:IsValid=true, Min=(X=41.888 Y=857.501 Z=707.000), Max=(X=2943.888 Y=3617.751 Z=757.000) RuntimeBounds:IsValid=true, Min=(X=41.888 Y=857.501 Z=707.000), Max=(X=2943.888 Y=3617.751 Z=757.000) RuntimeGrid:None EditorOnly:false RuntimeOnly:false HLODRelevant:true ListedInSceneOutliner:true IsMainWorldOnly:false
 |   |   |- Guid:0EDB289B45CB7E0977A6DBA74201EE76 NativeClass:/Script/Engine.StaticMeshActor Name:StaticMeshActor_10 Label:SM_Cube6 SpatiallyLoaded:true EditorBounds:IsValid=true, Min=(X=2900.000 Y=100.000 Z=0.000), Max=(X=3000.000 Y=3400.000 Z=700.000) RuntimeBounds:IsValid=true, Min=(X=2900.000 Y=100.000 Z=0.000), Max=(X=3000.000 Y=3400.000 Z=700.000) RuntimeGrid:None EditorOnly:false RuntimeOnly:false HLODRelevant:true ListedInSceneOutliner:true IsMainWorldOnly:false FolderPath:Playground FolderGuid:6C02BB504B69D1F3D7A624B130C18E5B
 |   |   |- Guid:21262252453B37957EF29F82ABA2413B NativeClass:/Script/Engine.TextRenderActor Name:TextRenderActor_1 Label:TextRenderActor SpatiallyLoaded:true EditorBounds:IsValid=true, Min=(X=-0.100 Y=1100.000 Z=65.013), Max=(X=-0.100 Y=2363.461 Z=215.013) RuntimeBounds:IsValid=true, Min=(X=-0.100 Y=1100.000 Z=65.013), Max=(X=-0.100 Y=2363.461 Z=215.013) RuntimeGrid:None EditorOnly:false RuntimeOnly:false HLODRelevant:false ListedInSceneOutliner:true IsMainWorldOnly:false
 |   |   |- Guid:24D8291649BBDF263F116B98D25333EB NativeClass:/Script/Engine.StaticMeshActor Name:StaticMeshActor_UAID_107C614CA940325402_1199086999 Label:Cube SpatiallyLoaded:true EditorBounds:IsValid=true, Min=(X=100.000 Y=1238.000 Z=-100.000), Max=(X=1300.000 Y=1288.000 Z=400.000) RuntimeBounds:IsValid=true, Min=(X=100.000 Y=1238.000 Z=-100.000), Max=(X=1300.000 Y=1288.000 Z=400.000) RuntimeGrid:None EditorOnly:false RuntimeOnly:false HLODRelevant:true ListedInSceneOutliner:true IsMainWorldOnly:false
 |   |   |- Guid:3EEAA73B4DE8CD45A4D0B3815DC26A08 NativeClass:/Script/Engine.PointLight Name:PointLight_UAID_107C614CA940335402_1272573180 Label:PointLight SpatiallyLoaded:true EditorBounds:IsValid=true, Min=(X=497.462 Y=-288.239 Z=-661.400), Max=(X=2497.462 Y=1711.761 Z=1338.600) RuntimeBounds:IsValid=true, Min=(X=497.462 Y=-288.239 Z=-661.400), Max=(X=2497.462 Y=1711.761 Z=1338.600) RuntimeGrid:None EditorOnly:false RuntimeOnly:false HLODRelevant:false ListedInSceneOutliner:true IsMainWorldOnly:false
 |   |   |- Guid:58A408664005CE9DB55E4AAFB6976C15 NativeClass:/Script/Engine.StaticMeshActor Name:StaticMeshActor_UAID_107C614CA940345402_2038264364 Label:Cube11 SpatiallyLoaded:true EditorBounds:IsValid=true, Min=(X=14.256 Y=1997.730 Z=-11.338), Max=(X=3014.256 Y=2026.230 Z=88.662) RuntimeBounds:IsValid=true, Min=(X=14.256 Y=1997.730 Z=-11.338), Max=(X=3014.256 Y=2026.230 Z=88.662) RuntimeGrid:None EditorOnly:false RuntimeOnly:false HLODRelevant:true ListedInSceneOutliner:true IsMainWorldOnly:false
 |   |   |- Guid:5EE69A444630AA7CBBCA2FB11133BAD4 NativeClass:/Script/Engine.StaticMeshActor Name:StaticMeshActor_UAID_107C614CA940325402_1335675000 Label:Cube2 SpatiallyLoaded:true EditorBounds:IsValid=true, Min=(X=1700.000 Y=1238.000 Z=-100.000), Max=(X=2900.000 Y=1288.000 Z=400.000) RuntimeBounds:IsValid=true, Min=(X=1700.000 Y=1238.000 Z=-100.000), Max=(X=2900.000 Y=1288.000 Z=400.000) RuntimeGrid:None EditorOnly:false RuntimeOnly:false HLODRelevant:true ListedInSceneOutliner:true IsMainWorldOnly:false
 |   |   |- Guid:5FE7584649BB6F09265329A6C57CFD0D NativeClass:/Script/Engine.VolumetricCloud Name:VolumetricCloud_0 Label:VolumetricCloud SpatiallyLoaded:false EditorBounds:IsValid=true, Min=(X=0.000 Y=0.000 Z=820.000), Max=(X=0.000 Y=0.000 Z=820.000) RuntimeBounds:IsValid=true, Min=(X=0.000 Y=0.000 Z=820.000), Max=(X=0.000 Y=0.000 Z=820.000) RuntimeGrid:None EditorOnly:false RuntimeOnly:false HLODRelevant:false ListedInSceneOutliner:true IsMainWorldOnly:false FolderPath:Lighting FolderGuid:0BA5F0A04EADB18E70D5B180D08FA34B
 |   |   |- Guid:61391D344900612A77DFC3BA3E354907 NativeClass:/Script/Engine.ExponentialHeightFog Name:ExponentialHeightFog_0 Label:ExponentialHeightFog SpatiallyLoaded:false EditorBounds:IsValid=true, Min=(X=-5600.000 Y=-50.000 Z=-6850.000), Max=(X=-5600.000 Y=-50.000 Z=-6850.000) RuntimeBounds:IsValid=true, Min=(X=-5600.000 Y=-50.000 Z=-6850.000), Max=(X=-5600.000 Y=-50.000 Z=-6850.000) RuntimeGrid:None EditorOnly:false RuntimeOnly:false HLODRelevant:false ListedInSceneOutliner:true IsMainWorldOnly:false FolderPath:Lighting FolderGuid:0BA5F0A04EADB18E70D5B180D08FA34B
 |   |   |- Guid:6C81617E41C53D5B53CEEB82DB23867F NativeClass:/Script/Engine.StaticMeshActor Name:StaticMeshActor_UAID_107C614CA940325402_1543358001 Label:Cube3 SpatiallyLoaded:true EditorBounds:IsValid=true, Min=(X=1700.000 Y=88.000 Z=-100.000), Max=(X=1750.000 Y=1288.000 Z=400.000) RuntimeBounds:IsValid=true, Min=(X=1700.000 Y=88.000 Z=-100.000), Max=(X=1750.000 Y=1288.000 Z=400.000) RuntimeGrid:None EditorOnly:false RuntimeOnly:false HLODRelevant:true ListedInSceneOutliner:true IsMainWorldOnly:false
 |   |   |- Guid:6ED6C10E4C6BC159C7E9D9984AF43E49 NativeClass:/Script/Engine.StaticMeshActor Name:StaticMeshActor_UAID_107C614CA940325402_1662465002 Label:Cube4 SpatiallyLoaded:true EditorBounds:IsValid=true, Min=(X=1250.000 Y=88.000 Z=-100.000), Max=(X=1300.000 Y=1288.000 Z=400.000) RuntimeBounds:IsValid=true, Min=(X=1250.000 Y=88.000 Z=-100.000), Max=(X=1300.000 Y=1288.000 Z=400.000) RuntimeGrid:None EditorOnly:false RuntimeOnly:false HLODRelevant:true ListedInSceneOutliner:true IsMainWorldOnly:false
 |   |   |- Guid:6FEFB3BD4EB37B849EF0D4AC80F83855 NativeClass:/Script/Engine.WorldDataLayers Name:WorldDataLayers Label:WorldDataLayers SpatiallyLoaded:false EditorBounds:IsValid=true, Min=(X=0.000 Y=0.000 Z=0.000), Max=(X=0.000 Y=0.000 Z=0.000) RuntimeBounds:IsValid=true, Min=(X=0.000 Y=0.000 Z=0.000), Max=(X=0.000 Y=0.000 Z=0.000) RuntimeGrid:None EditorOnly:false RuntimeOnly:false HLODRelevant:false ListedInSceneOutliner:true IsMainWorldOnly:true
 |   |   |- Guid:707110ED457DDD76EE643488B577AEB9 NativeClass:/Script/Engine.StaticMeshActor Name:StaticMeshActor_UAID_107C614CA940345402_1757307361 Label:Cube8 SpatiallyLoaded:true EditorBounds:IsValid=true, Min=(X=100.000 Y=823.273 Z=-20.962), Max=(X=150.000 Y=3725.273 Z=760.788) RuntimeBounds:IsValid=true, Min=(X=100.000 Y=823.273 Z=-20.962), Max=(X=150.000 Y=3725.273 Z=760.788) RuntimeGrid:None EditorOnly:false RuntimeOnly:false HLODRelevant:true ListedInSceneOutliner:true IsMainWorldOnly:false
 |   |   |- Guid:77A37FF24D0F36F4641C238D30B92538 BaseClass:/Game/FirstPerson/Blueprints/BP_Button.BP_Button_C NativeClass:/Script/Engine.Actor Name:BP_Button_C_UAID_04D9F57FEA1B805402_2071338735 Label:BP_Button SpatiallyLoaded:true EditorBounds:IsValid=true, Min=(X=1435.292 Y=1972.730 Z=16.056), Max=(X=1485.292 Y=2022.730 Z=66.056) RuntimeBounds:IsValid=true, Min=(X=1435.292 Y=1972.730 Z=16.056), Max=(X=1485.292 Y=2022.730 Z=66.056) RuntimeGrid:None EditorOnly:false RuntimeOnly:false HLODRelevant:false ListedInSceneOutliner:true IsMainWorldOnly:false
 |   |   |- Guid:78CAF7514C7533F30BD2F19A017AAB65 NativeClass:/Script/Engine.StaticMeshActor Name:StaticMeshActor_0 Label:SM_Cube SpatiallyLoaded:true EditorBounds:IsValid=true, Min=(X=0.000 Y=0.000 Z=-50.000), Max=(X=3000.000 Y=3500.000 Z=0.000) RuntimeBounds:IsValid=true, Min=(X=0.000 Y=0.000 Z=-50.000), Max=(X=3000.000 Y=3500.000 Z=0.000) RuntimeGrid:None EditorOnly:false RuntimeOnly:false HLODRelevant:true ListedInSceneOutliner:true IsMainWorldOnly:false FolderPath:Playground FolderGuid:6C02BB504B69D1F3D7A624B130C18E5B
 |   |   |- Guid:7EFB1C994884B2B8FDDA1C84D608D616 BaseClass:/Game/Targets/BP_TargetManager.BP_TargetManager_C NativeClass:/Script/Engine.Actor Name:BP_TargetManager_C_UAID_04D9F57FEA1B805402_1395510734 Label:BP_TargetManager SpatiallyLoaded:true EditorBounds:IsValid=true, Min=(X=722.929 Y=2359.784 Z=46.712), Max=(X=2309.648 Y=2777.585 Z=479.937) RuntimeBounds:IsValid=true, Min=(X=722.929 Y=2359.784 Z=46.712), Max=(X=2309.648 Y=2777.585 Z=479.937) RuntimeGrid:None EditorOnly:false RuntimeOnly:false HLODRelevant:false ListedInSceneOutliner:true IsMainWorldOnly:false
 |   |   |- Guid:8408F38A4BDA03CC81C2FB9546622B1F BaseClass:/Game/FirstPerson/Blueprints/BP_Pickup_Rifle2.BP_Pickup_Rifle2_C NativeClass:/Script/Engine.Actor Name:BP_Pickup_Rifle2_C_UAID_107C614CA940595002_1888504645 Label:BP_Pickup_Rifle2 SpatiallyLoaded:true EditorBounds:IsValid=true, Min=(X=1441.679 Y=685.187 Z=44.035), Max=(X=1540.086 Y=749.187 Z=108.035) RuntimeBounds:IsValid=true, Min=(X=1441.679 Y=685.187 Z=44.035), Max=(X=1540.086 Y=749.187 Z=108.035) RuntimeGrid:None EditorOnly:false RuntimeOnly:false HLODRelevant:false ListedInSceneOutliner:true IsMainWorldOnly:false
 |   |   |- Guid:8559D1384B14F466E8927697A36C1D78 NativeClass:/Script/Engine.StaticMeshActor Name:StaticMeshActor_9 Label:SM_Cube5 SpatiallyLoaded:true EditorBounds:IsValid=true, Min=(X=-0.000 Y=100.000 Z=0.000), Max=(X=100.000 Y=3400.000 Z=700.000) RuntimeBounds:IsValid=true, Min=(X=-0.000 Y=100.000 Z=0.000), Max=(X=100.000 Y=3400.000 Z=700.000) RuntimeGrid:None EditorOnly:false RuntimeOnly:false HLODRelevant:true ListedInSceneOutliner:true IsMainWorldOnly:false FolderPath:Playground FolderGuid:6C02BB504B69D1F3D7A624B130C18E5B
 |   |   |- Guid:90B7B8D3420C2EABA931D3A6A69DF696 NativeClass:/Script/Engine.StaticMeshActor Name:StaticMeshActor_3 Label:SM_Cube2 SpatiallyLoaded:true EditorBounds:IsValid=true, Min=(X=0.000 Y=0.000 Z=0.000), Max=(X=3000.000 Y=100.000 Z=700.000) RuntimeBounds:IsValid=true, Min=(X=0.000 Y=0.000 Z=0.000), Max=(X=3000.000 Y=100.000 Z=700.000) RuntimeGrid:None EditorOnly:false RuntimeOnly:false HLODRelevant:true ListedInSceneOutliner:true IsMainWorldOnly:false FolderPath:Playground FolderGuid:6C02BB504B69D1F3D7A624B130C18E5B
 |   |   |- Guid:96A03A9942D9FB1EBF5AF086D436A5F6 NativeClass:/Script/Engine.SpotLight Name:SpotLight_UAID_107C614CA940335402_1587317184 Label:SpotLight SpatiallyLoaded:true EditorBounds:IsValid=true, Min=(X=-442.617 Y=540.628 Z=-1600.903), Max=(X=3440.797 Y=4424.041 Z=2282.511) RuntimeBounds:IsValid=true, Min=(X=-442.617 Y=540.628 Z=-1600.903), Max=(X=3440.797 Y=4424.041 Z=2282.511) RuntimeGrid:None EditorOnly:false RuntimeOnly:false HLODRelevant:false ListedInSceneOutliner:true IsMainWorldOnly:false
 |   |   |- Guid:A354B1B24E617A525DC6B48CCDE2417E NativeClass:/Script/Engine.PlayerStart Name:PlayerStart_0 Label:PlayerStart SpatiallyLoaded:false EditorBounds:IsValid=true, Min=(X=1380.498 Y=407.630 Z=-35.987), Max=(X=1748.498 Y=663.630 Z=220.013) RuntimeBounds:IsValid=true, Min=(X=1468.498 Y=495.630 Z=0.013), Max=(X=1548.498 Y=575.630 Z=184.013) RuntimeGrid:None EditorOnly:false RuntimeOnly:false HLODRelevant:false ListedInSceneOutliner:true IsMainWorldOnly:false
 |   |   |- Guid:B2355FB8496364FAE6FA13A1A708C9D7 NativeClass:/Script/Engine.SkeletalMeshActor Name:SkeletalMeshActor_UAID_107C614CA940585002_2121115464 Label:SM_Weapon_02_skeletal SpatiallyLoaded:true EditorBounds:IsValid=true, Min=(X=1721.348 Y=1265.923 Z=98.701), Max=(X=1721.348 Y=1265.923 Z=98.701) RuntimeBounds:IsValid=true, Min=(X=1721.348 Y=1265.923 Z=98.701), Max=(X=1721.348 Y=1265.923 Z=98.701) RuntimeGrid:None EditorOnly:false RuntimeOnly:false HLODRelevant:false ListedInSceneOutliner:true IsMainWorldOnly:false
 |   |   |- Guid:B5A0E96F451FCDE090B3EEB6EEEF63A9 NativeClass:/Script/Engine.StaticMeshActor Name:StaticMeshActor_UAID_107C614CA940335402_1357874181 Label:Cube6 SpatiallyLoaded:true EditorBounds:IsValid=true, Min=(X=41.888 Y=1238.000 Z=383.323), Max=(X=2943.888 Y=1288.000 Z=756.573) RuntimeBounds:IsValid=true, Min=(X=41.888 Y=1238.000 Z=383.323), Max=(X=2943.888 Y=1288.000 Z=756.573) RuntimeGrid:None EditorOnly:false RuntimeOnly:false HLODRelevant:true ListedInSceneOutliner:true IsMainWorldOnly:false
 |   |   |- Guid:B93992E34AA74C91439E65AC0AEC6A62 NativeClass:/Script/Engine.StaticMeshActor Name:StaticMeshActor_UAID_107C614CA940335402_1189491179 Label:Cube5 SpatiallyLoaded:true EditorBounds:IsValid=true, Min=(X=1250.000 Y=88.000 Z=350.000), Max=(X=1750.000 Y=1288.000 Z=400.000) RuntimeBounds:IsValid=true, Min=(X=1250.000 Y=88.000 Z=350.000), Max=(X=1750.000 Y=1288.000 Z=400.000) RuntimeGrid:None EditorOnly:false RuntimeOnly:false HLODRelevant:true ListedInSceneOutliner:true IsMainWorldOnly:false
 |   |   |- Guid:BE1AF078438E0D870B78EDB2BF4B5DC0 NativeClass:/Script/Engine.StaticMeshActor Name:StaticMeshActor_UAID_107C614CA940345402_1831762362 Label:Cube9 SpatiallyLoaded:true EditorBounds:IsValid=true, Min=(X=46.630 Y=3367.771 Z=-20.962), Max=(X=2948.380 Y=3417.771 Z=760.788) RuntimeBounds:IsValid=true, Min=(X=46.630 Y=3367.771 Z=-20.962), Max=(X=2948.380 Y=3417.771 Z=760.788) RuntimeGrid:None EditorOnly:false RuntimeOnly:false HLODRelevant:true ListedInSceneOutliner:true IsMainWorldOnly:false
 |   |   |- Guid:C0C56B9644AE3D40CAFF6A878DB29844 NativeClass:/Script/Engine.StaticMeshActor Name:StaticMeshActor_UAID_A4AE111137DC5EFB00_2001720423 Label:SM_SkySphere SpatiallyLoaded:false EditorBounds:IsValid=true, Min=(X=-1638400.000 Y=-1638400.000 Z=-1638400.000), Max=(X=1638400.000 Y=1638400.000 Z=1638400.000) RuntimeBounds:IsValid=true, Min=(X=-1638400.000 Y=-1638400.000 Z=-1638400.000), Max=(X=1638400.000 Y=1638400.000 Z=1638400.000) RuntimeGrid:None EditorOnly:false RuntimeOnly:false HLODRelevant:true ListedInSceneOutliner:true IsMainWorldOnly:false FolderPath:Lighting FolderGuid:0BA5F0A04EADB18E70D5B180D08FA34B
 |   |   |- Guid:C22CE07C4B87D685137FDBBC10FC92C6 NativeClass:/Script/Engine.SkyAtmosphere Name:SkyAtmosphere_0 Label:SkyAtmosphere SpatiallyLoaded:false EditorBounds:IsValid=true, Min=(X=0.000 Y=0.000 Z=1020.000), Max=(X=0.000 Y=0.000 Z=1020.000) RuntimeBounds:IsValid=true, Min=(X=0.000 Y=0.000 Z=1020.000), Max=(X=0.000 Y=0.000 Z=1020.000) RuntimeGrid:None EditorOnly:false RuntimeOnly:false HLODRelevant:false ListedInSceneOutliner:true IsMainWorldOnly:false FolderPath:Lighting FolderGuid:0BA5F0A04EADB18E70D5B180D08FA34B
 |   |   |- Guid:CE8D82634660FCDB3120E2B8D547C533 NativeClass:/Script/Engine.PostProcessVolume Name:PostProcessVolume_0 Label:PostProcessVolume SpatiallyLoaded:false EditorBounds:IsValid=true, Min=(X=0.000 Y=0.000 Z=400.000), Max=(X=200.000 Y=200.000 Z=600.000) RuntimeBounds:IsValid=true, Min=(X=0.000 Y=0.000 Z=400.000), Max=(X=200.000 Y=200.000 Z=600.000) RuntimeGrid:None EditorOnly:false RuntimeOnly:false HLODRelevant:false ListedInSceneOutliner:true IsMainWorldOnly:false FolderPath:Lighting FolderGuid:0BA5F0A04EADB18E70D5B180D08FA34B
 |   |   |- Guid:E5320C1B4FD9764CE7B54D8487AEC613 NativeClass:/Script/Engine.SkyLight Name:SkyLight_0 Label:SkyLight SpatiallyLoaded:false EditorBounds:IsValid=true, Min=(X=0.000 Y=0.000 Z=690.000), Max=(X=0.000 Y=0.000 Z=690.000) RuntimeBounds:IsValid=true, Min=(X=0.000 Y=0.000 Z=690.000), Max=(X=0.000 Y=0.000 Z=690.000) RuntimeGrid:None EditorOnly:false RuntimeOnly:false HLODRelevant:false ListedInSceneOutliner:true IsMainWorldOnly:false FolderPath:Lighting FolderGuid:0BA5F0A04EADB18E70D5B180D08FA34B
 |   |   |- Guid:EEA20FA843928627C3890991AFF102B3 NativeClass:/Script/Engine.StaticMeshActor Name:StaticMeshActor_UAID_107C614CA940345402_1891416363 Label:Cube10 SpatiallyLoaded:true EditorBounds:IsValid=true, Min=(X=2850.000 Y=823.273 Z=-20.962), Max=(X=2900.000 Y=3725.273 Z=760.788) RuntimeBounds:IsValid=true, Min=(X=2850.000 Y=823.273 Z=-20.962), Max=(X=2900.000 Y=3725.273 Z=760.788) RuntimeGrid:None EditorOnly:false RuntimeOnly:false HLODRelevant:true ListedInSceneOutliner:true IsMainWorldOnly:false
 |   |   |- Guid:F07F1AF64C7C7C238EE1B4BF8C122DD8 NativeClass:/Script/Engine.StaticMeshActor Name:StaticMeshActor_4 Label:SM_Cube3 SpatiallyLoaded:true EditorBounds:IsValid=true, Min=(X=0.000 Y=3400.000 Z=0.000), Max=(X=3000.000 Y=3500.000 Z=700.000) RuntimeBounds:IsValid=true, Min=(X=0.000 Y=3400.000 Z=0.000), Max=(X=3000.000 Y=3500.000 Z=700.000) RuntimeGrid:None EditorOnly:false RuntimeOnly:false HLODRelevant:true ListedInSceneOutliner:true IsMainWorldOnly:false FolderPath:Playground FolderGuid:6C02BB504B69D1F3D7A624B130C18E5B
 |   |   |- Guid:F80621C9446867154938FE81375207DA NativeClass:/Script/Engine.DirectionalLight Name:DirectionalLight_1 Label:DirectionalLight SpatiallyLoaded:false EditorBounds:IsValid=true, Min=(X=-1048576.000 Y=-1048576.000 Z=-1048576.000), Max=(X=1048576.000 Y=1048576.000 Z=1048576.000) RuntimeBounds:IsValid=true, Min=(X=-1048576.000 Y=-1048576.000 Z=-1048576.000), Max=(X=1048576.000 Y=1048576.000 Z=1048576.000) RuntimeGrid:None EditorOnly:false RuntimeOnly:false HLODRelevant:false ListedInSceneOutliner:true IsMainWorldOnly:false FolderPath:Lighting FolderGuid:0BA5F0A04EADB18E70D5B180D08FA34B
 |   |- [+] Clusters:
 |   |   |- [+] [  0]
 |   |   |   |- Guid:066C507846245E814E2983AE37EE4536 NativeClass:/Script/Engine.StaticMeshActor Name:StaticMeshActor_UAID_107C614CA940335402_1431072182 Label:Cube7 SpatiallyLoaded:true EditorBounds:IsValid=true, Min=(X=41.888 Y=857.501 Z=707.000), Max=(X=2943.888 Y=3617.751 Z=757.000) RuntimeBounds:IsValid=true, Min=(X=41.888 Y=857.501 Z=707.000), Max=(X=2943.888 Y=3617.751 Z=757.000) RuntimeGrid:None EditorOnly:false RuntimeOnly:false HLODRelevant:true ListedInSceneOutliner:true IsMainWorldOnly:false
 |   |   |- [+] [  1]
 |   |   |   |- Guid:0EDB289B45CB7E0977A6DBA74201EE76 NativeClass:/Script/Engine.StaticMeshActor Name:StaticMeshActor_10 Label:SM_Cube6 SpatiallyLoaded:true EditorBounds:IsValid=true, Min=(X=2900.000 Y=100.000 Z=0.000), Max=(X=3000.000 Y=3400.000 Z=700.000) RuntimeBounds:IsValid=true, Min=(X=2900.000 Y=100.000 Z=0.000), Max=(X=3000.000 Y=3400.000 Z=700.000) RuntimeGrid:None EditorOnly:false RuntimeOnly:false HLODRelevant:true ListedInSceneOutliner:true IsMainWorldOnly:false FolderPath:Playground FolderGuid:6C02BB504B69D1F3D7A624B130C18E5B
 |   |   |- [+] [  2]
 |   |   |   |- Guid:21262252453B37957EF29F82ABA2413B NativeClass:/Script/Engine.TextRenderActor Name:TextRenderActor_1 Label:TextRenderActor SpatiallyLoaded:true EditorBounds:IsValid=true, Min=(X=-0.100 Y=1100.000 Z=65.013), Max=(X=-0.100 Y=2363.461 Z=215.013) RuntimeBounds:IsValid=true, Min=(X=-0.100 Y=1100.000 Z=65.013), Max=(X=-0.100 Y=2363.461 Z=215.013) RuntimeGrid:None EditorOnly:false RuntimeOnly:false HLODRelevant:false ListedInSceneOutliner:true IsMainWorldOnly:false
 |   |   |- [+] [  3]
 |   |   |   |- Guid:24D8291649BBDF263F116B98D25333EB NativeClass:/Script/Engine.StaticMeshActor Name:StaticMeshActor_UAID_107C614CA940325402_1199086999 Label:Cube SpatiallyLoaded:true EditorBounds:IsValid=true, Min=(X=100.000 Y=1238.000 Z=-100.000), Max=(X=1300.000 Y=1288.000 Z=400.000) RuntimeBounds:IsValid=true, Min=(X=100.000 Y=1238.000 Z=-100.000), Max=(X=1300.000 Y=1288.000 Z=400.000) RuntimeGrid:None EditorOnly:false RuntimeOnly:false HLODRelevant:true ListedInSceneOutliner:true IsMainWorldOnly:false
 |   |   |- [+] [  4]
 |   |   |   |- Guid:3EEAA73B4DE8CD45A4D0B3815DC26A08 NativeClass:/Script/Engine.PointLight Name:PointLight_UAID_107C614CA940335402_1272573180 Label:PointLight SpatiallyLoaded:true EditorBounds:IsValid=true, Min=(X=497.462 Y=-288.239 Z=-661.400), Max=(X=2497.462 Y=1711.761 Z=1338.600) RuntimeBounds:IsValid=true, Min=(X=497.462 Y=-288.239 Z=-661.400), Max=(X=2497.462 Y=1711.761 Z=1338.600) RuntimeGrid:None EditorOnly:false RuntimeOnly:false HLODRelevant:false ListedInSceneOutliner:true IsMainWorldOnly:false
 |   |   |- [+] [  5]
 |   |   |   |- Guid:58A408664005CE9DB55E4AAFB6976C15 NativeClass:/Script/Engine.StaticMeshActor Name:StaticMeshActor_UAID_107C614CA940345402_2038264364 Label:Cube11 SpatiallyLoaded:true EditorBounds:IsValid=true, Min=(X=14.256 Y=1997.730 Z=-11.338), Max=(X=3014.256 Y=2026.230 Z=88.662) RuntimeBounds:IsValid=true, Min=(X=14.256 Y=1997.730 Z=-11.338), Max=(X=3014.256 Y=2026.230 Z=88.662) RuntimeGrid:None EditorOnly:false RuntimeOnly:false HLODRelevant:true ListedInSceneOutliner:true IsMainWorldOnly:false
 |   |   |- [+] [  6]
 |   |   |   |- Guid:5EE69A444630AA7CBBCA2FB11133BAD4 NativeClass:/Script/Engine.StaticMeshActor Name:StaticMeshActor_UAID_107C614CA940325402_1335675000 Label:Cube2 SpatiallyLoaded:true EditorBounds:IsValid=true, Min=(X=1700.000 Y=1238.000 Z=-100.000), Max=(X=2900.000 Y=1288.000 Z=400.000) RuntimeBounds:IsValid=true, Min=(X=1700.000 Y=1238.000 Z=-100.000), Max=(X=2900.000 Y=1288.000 Z=400.000) RuntimeGrid:None EditorOnly:false RuntimeOnly:false HLODRelevant:true ListedInSceneOutliner:true IsMainWorldOnly:false
 |   |   |- [+] [  7]
 |   |   |   |- Guid:5FE7584649BB6F09265329A6C57CFD0D NativeClass:/Script/Engine.VolumetricCloud Name:VolumetricCloud_0 Label:VolumetricCloud SpatiallyLoaded:false EditorBounds:IsValid=true, Min=(X=0.000 Y=0.000 Z=820.000), Max=(X=0.000 Y=0.000 Z=820.000) RuntimeBounds:IsValid=true, Min=(X=0.000 Y=0.000 Z=820.000), Max=(X=0.000 Y=0.000 Z=820.000) RuntimeGrid:None EditorOnly:false RuntimeOnly:false HLODRelevant:false ListedInSceneOutliner:true IsMainWorldOnly:false FolderPath:Lighting FolderGuid:0BA5F0A04EADB18E70D5B180D08FA34B
 |   |   |- [+] [  8]
 |   |   |   |- Guid:61391D344900612A77DFC3BA3E354907 NativeClass:/Script/Engine.ExponentialHeightFog Name:ExponentialHeightFog_0 Label:ExponentialHeightFog SpatiallyLoaded:false EditorBounds:IsValid=true, Min=(X=-5600.000 Y=-50.000 Z=-6850.000), Max=(X=-5600.000 Y=-50.000 Z=-6850.000) RuntimeBounds:IsValid=true, Min=(X=-5600.000 Y=-50.000 Z=-6850.000), Max=(X=-5600.000 Y=-50.000 Z=-6850.000) RuntimeGrid:None EditorOnly:false RuntimeOnly:false HLODRelevant:false ListedInSceneOutliner:true IsMainWorldOnly:false FolderPath:Lighting FolderGuid:0BA5F0A04EADB18E70D5B180D08FA34B
 |   |   |- [+] [  9]
 |   |   |   |- Guid:6C81617E41C53D5B53CEEB82DB23867F NativeClass:/Script/Engine.StaticMeshActor Name:StaticMeshActor_UAID_107C614CA940325402_1543358001 Label:Cube3 SpatiallyLoaded:true EditorBounds:IsValid=true, Min=(X=1700.000 Y=88.000 Z=-100.000), Max=(X=1750.000 Y=1288.000 Z=400.000) RuntimeBounds:IsValid=true, Min=(X=1700.000 Y=88.000 Z=-100.000), Max=(X=1750.000 Y=1288.000 Z=400.000) RuntimeGrid:None EditorOnly:false RuntimeOnly:false HLODRelevant:true ListedInSceneOutliner:true IsMainWorldOnly:false
 |   |   |- [+] [ 10]
 |   |   |   |- Guid:6ED6C10E4C6BC159C7E9D9984AF43E49 NativeClass:/Script/Engine.StaticMeshActor Name:StaticMeshActor_UAID_107C614CA940325402_1662465002 Label:Cube4 SpatiallyLoaded:true EditorBounds:IsValid=true, Min=(X=1250.000 Y=88.000 Z=-100.000), Max=(X=1300.000 Y=1288.000 Z=400.000) RuntimeBounds:IsValid=true, Min=(X=1250.000 Y=88.000 Z=-100.000), Max=(X=1300.000 Y=1288.000 Z=400.000) RuntimeGrid:None EditorOnly:false RuntimeOnly:false HLODRelevant:true ListedInSceneOutliner:true IsMainWorldOnly:false
 |   |   |- [+] [ 11]
 |   |   |   |- Guid:6FEFB3BD4EB37B849EF0D4AC80F83855 NativeClass:/Script/Engine.WorldDataLayers Name:WorldDataLayers Label:WorldDataLayers SpatiallyLoaded:false EditorBounds:IsValid=true, Min=(X=0.000 Y=0.000 Z=0.000), Max=(X=0.000 Y=0.000 Z=0.000) RuntimeBounds:IsValid=true, Min=(X=0.000 Y=0.000 Z=0.000), Max=(X=0.000 Y=0.000 Z=0.000) RuntimeGrid:None EditorOnly:false RuntimeOnly:false HLODRelevant:false ListedInSceneOutliner:true IsMainWorldOnly:true
 |   |   |- [+] [ 12]
 |   |   |   |- Guid:707110ED457DDD76EE643488B577AEB9 NativeClass:/Script/Engine.StaticMeshActor Name:StaticMeshActor_UAID_107C614CA940345402_1757307361 Label:Cube8 SpatiallyLoaded:true EditorBounds:IsValid=true, Min=(X=100.000 Y=823.273 Z=-20.962), Max=(X=150.000 Y=3725.273 Z=760.788) RuntimeBounds:IsValid=true, Min=(X=100.000 Y=823.273 Z=-20.962), Max=(X=150.000 Y=3725.273 Z=760.788) RuntimeGrid:None EditorOnly:false RuntimeOnly:false HLODRelevant:true ListedInSceneOutliner:true IsMainWorldOnly:false
 |   |   |- [+] [ 13]
 |   |   |   |- Guid:77A37FF24D0F36F4641C238D30B92538 BaseClass:/Game/FirstPerson/Blueprints/BP_Button.BP_Button_C NativeClass:/Script/Engine.Actor Name:BP_Button_C_UAID_04D9F57FEA1B805402_2071338735 Label:BP_Button SpatiallyLoaded:true EditorBounds:IsValid=true, Min=(X=1435.292 Y=1972.730 Z=16.056), Max=(X=1485.292 Y=2022.730 Z=66.056) RuntimeBounds:IsValid=true, Min=(X=1435.292 Y=1972.730 Z=16.056), Max=(X=1485.292 Y=2022.730 Z=66.056) RuntimeGrid:None EditorOnly:false RuntimeOnly:false HLODRelevant:false ListedInSceneOutliner:true IsMainWorldOnly:false
 |   |   |- [+] [ 14]
 |   |   |   |- Guid:78CAF7514C7533F30BD2F19A017AAB65 NativeClass:/Script/Engine.StaticMeshActor Name:StaticMeshActor_0 Label:SM_Cube SpatiallyLoaded:true EditorBounds:IsValid=true, Min=(X=0.000 Y=0.000 Z=-50.000), Max=(X=3000.000 Y=3500.000 Z=0.000) RuntimeBounds:IsValid=true, Min=(X=0.000 Y=0.000 Z=-50.000), Max=(X=3000.000 Y=3500.000 Z=0.000) RuntimeGrid:None EditorOnly:false RuntimeOnly:false HLODRelevant:true ListedInSceneOutliner:true IsMainWorldOnly:false FolderPath:Playground FolderGuid:6C02BB504B69D1F3D7A624B130C18E5B
 |   |   |- [+] [ 15]
 |   |   |   |- Guid:7EFB1C994884B2B8FDDA1C84D608D616 BaseClass:/Game/Targets/BP_TargetManager.BP_TargetManager_C NativeClass:/Script/Engine.Actor Name:BP_TargetManager_C_UAID_04D9F57FEA1B805402_1395510734 Label:BP_TargetManager SpatiallyLoaded:true EditorBounds:IsValid=true, Min=(X=722.929 Y=2359.784 Z=46.712), Max=(X=2309.648 Y=2777.585 Z=479.937) RuntimeBounds:IsValid=true, Min=(X=722.929 Y=2359.784 Z=46.712), Max=(X=2309.648 Y=2777.585 Z=479.937) RuntimeGrid:None EditorOnly:false RuntimeOnly:false HLODRelevant:false ListedInSceneOutliner:true IsMainWorldOnly:false
 |   |   |- [+] [ 16]
 |   |   |   |- Guid:8408F38A4BDA03CC81C2FB9546622B1F BaseClass:/Game/FirstPerson/Blueprints/BP_Pickup_Rifle2.BP_Pickup_Rifle2_C NativeClass:/Script/Engine.Actor Name:BP_Pickup_Rifle2_C_UAID_107C614CA940595002_1888504645 Label:BP_Pickup_Rifle2 SpatiallyLoaded:true EditorBounds:IsValid=true, Min=(X=1441.679 Y=685.187 Z=44.035), Max=(X=1540.086 Y=749.187 Z=108.035) RuntimeBounds:IsValid=true, Min=(X=1441.679 Y=685.187 Z=44.035), Max=(X=1540.086 Y=749.187 Z=108.035) RuntimeGrid:None EditorOnly:false RuntimeOnly:false HLODRelevant:false ListedInSceneOutliner:true IsMainWorldOnly:false
 |   |   |- [+] [ 17]
 |   |   |   |- Guid:8559D1384B14F466E8927697A36C1D78 NativeClass:/Script/Engine.StaticMeshActor Name:StaticMeshActor_9 Label:SM_Cube5 SpatiallyLoaded:true EditorBounds:IsValid=true, Min=(X=-0.000 Y=100.000 Z=0.000), Max=(X=100.000 Y=3400.000 Z=700.000) RuntimeBounds:IsValid=true, Min=(X=-0.000 Y=100.000 Z=0.000), Max=(X=100.000 Y=3400.000 Z=700.000) RuntimeGrid:None EditorOnly:false RuntimeOnly:false HLODRelevant:true ListedInSceneOutliner:true IsMainWorldOnly:false FolderPath:Playground FolderGuid:6C02BB504B69D1F3D7A624B130C18E5B
 |   |   |- [+] [ 18]
 |   |   |   |- Guid:90B7B8D3420C2EABA931D3A6A69DF696 NativeClass:/Script/Engine.StaticMeshActor Name:StaticMeshActor_3 Label:SM_Cube2 SpatiallyLoaded:true EditorBounds:IsValid=true, Min=(X=0.000 Y=0.000 Z=0.000), Max=(X=3000.000 Y=100.000 Z=700.000) RuntimeBounds:IsValid=true, Min=(X=0.000 Y=0.000 Z=0.000), Max=(X=3000.000 Y=100.000 Z=700.000) RuntimeGrid:None EditorOnly:false RuntimeOnly:false HLODRelevant:true ListedInSceneOutliner:true IsMainWorldOnly:false FolderPath:Playground FolderGuid:6C02BB504B69D1F3D7A624B130C18E5B
 |   |   |- [+] [ 19]
 |   |   |   |- Guid:96A03A9942D9FB1EBF5AF086D436A5F6 NativeClass:/Script/Engine.SpotLight Name:SpotLight_UAID_107C614CA940335402_1587317184 Label:SpotLight SpatiallyLoaded:true EditorBounds:IsValid=true, Min=(X=-442.617 Y=540.628 Z=-1600.903), Max=(X=3440.797 Y=4424.041 Z=2282.511) RuntimeBounds:IsValid=true, Min=(X=-442.617 Y=540.628 Z=-1600.903), Max=(X=3440.797 Y=4424.041 Z=2282.511) RuntimeGrid:None EditorOnly:false RuntimeOnly:false HLODRelevant:false ListedInSceneOutliner:true IsMainWorldOnly:false
 |   |   |- [+] [ 20]
 |   |   |   |- Guid:A354B1B24E617A525DC6B48CCDE2417E NativeClass:/Script/Engine.PlayerStart Name:PlayerStart_0 Label:PlayerStart SpatiallyLoaded:false EditorBounds:IsValid=true, Min=(X=1380.498 Y=407.630 Z=-35.987), Max=(X=1748.498 Y=663.630 Z=220.013) RuntimeBounds:IsValid=true, Min=(X=1468.498 Y=495.630 Z=0.013), Max=(X=1548.498 Y=575.630 Z=184.013) RuntimeGrid:None EditorOnly:false RuntimeOnly:false HLODRelevant:false ListedInSceneOutliner:true IsMainWorldOnly:false
 |   |   |- [+] [ 21]
 |   |   |   |- Guid:B2355FB8496364FAE6FA13A1A708C9D7 NativeClass:/Script/Engine.SkeletalMeshActor Name:SkeletalMeshActor_UAID_107C614CA940585002_2121115464 Label:SM_Weapon_02_skeletal SpatiallyLoaded:true EditorBounds:IsValid=true, Min=(X=1721.348 Y=1265.923 Z=98.701), Max=(X=1721.348 Y=1265.923 Z=98.701) RuntimeBounds:IsValid=true, Min=(X=1721.348 Y=1265.923 Z=98.701), Max=(X=1721.348 Y=1265.923 Z=98.701) RuntimeGrid:None EditorOnly:false RuntimeOnly:false HLODRelevant:false ListedInSceneOutliner:true IsMainWorldOnly:false
 |   |   |- [+] [ 22]
 |   |   |   |- Guid:B5A0E96F451FCDE090B3EEB6EEEF63A9 NativeClass:/Script/Engine.StaticMeshActor Name:StaticMeshActor_UAID_107C614CA940335402_1357874181 Label:Cube6 SpatiallyLoaded:true EditorBounds:IsValid=true, Min=(X=41.888 Y=1238.000 Z=383.323), Max=(X=2943.888 Y=1288.000 Z=756.573) RuntimeBounds:IsValid=true, Min=(X=41.888 Y=1238.000 Z=383.323), Max=(X=2943.888 Y=1288.000 Z=756.573) RuntimeGrid:None EditorOnly:false RuntimeOnly:false HLODRelevant:true ListedInSceneOutliner:true IsMainWorldOnly:false
 |   |   |- [+] [ 23]
 |   |   |   |- Guid:B93992E34AA74C91439E65AC0AEC6A62 NativeClass:/Script/Engine.StaticMeshActor Name:StaticMeshActor_UAID_107C614CA940335402_1189491179 Label:Cube5 SpatiallyLoaded:true EditorBounds:IsValid=true, Min=(X=1250.000 Y=88.000 Z=350.000), Max=(X=1750.000 Y=1288.000 Z=400.000) RuntimeBounds:IsValid=true, Min=(X=1250.000 Y=88.000 Z=350.000), Max=(X=1750.000 Y=1288.000 Z=400.000) RuntimeGrid:None EditorOnly:false RuntimeOnly:false HLODRelevant:true ListedInSceneOutliner:true IsMainWorldOnly:false
 |   |   |- [+] [ 24]
 |   |   |   |- Guid:BE1AF078438E0D870B78EDB2BF4B5DC0 NativeClass:/Script/Engine.StaticMeshActor Name:StaticMeshActor_UAID_107C614CA940345402_1831762362 Label:Cube9 SpatiallyLoaded:true EditorBounds:IsValid=true, Min=(X=46.630 Y=3367.771 Z=-20.962), Max=(X=2948.380 Y=3417.771 Z=760.788) RuntimeBounds:IsValid=true, Min=(X=46.630 Y=3367.771 Z=-20.962), Max=(X=2948.380 Y=3417.771 Z=760.788) RuntimeGrid:None EditorOnly:false RuntimeOnly:false HLODRelevant:true ListedInSceneOutliner:true IsMainWorldOnly:false
 |   |   |- [+] [ 25]
 |   |   |   |- Guid:C0C56B9644AE3D40CAFF6A878DB29844 NativeClass:/Script/Engine.StaticMeshActor Name:StaticMeshActor_UAID_A4AE111137DC5EFB00_2001720423 Label:SM_SkySphere SpatiallyLoaded:false EditorBounds:IsValid=true, Min=(X=-1638400.000 Y=-1638400.000 Z=-1638400.000), Max=(X=1638400.000 Y=1638400.000 Z=1638400.000) RuntimeBounds:IsValid=true, Min=(X=-1638400.000 Y=-1638400.000 Z=-1638400.000), Max=(X=1638400.000 Y=1638400.000 Z=1638400.000) RuntimeGrid:None EditorOnly:false RuntimeOnly:false HLODRelevant:true ListedInSceneOutliner:true IsMainWorldOnly:false FolderPath:Lighting FolderGuid:0BA5F0A04EADB18E70D5B180D08FA34B
 |   |   |- [+] [ 26]
 |   |   |   |- Guid:C22CE07C4B87D685137FDBBC10FC92C6 NativeClass:/Script/Engine.SkyAtmosphere Name:SkyAtmosphere_0 Label:SkyAtmosphere SpatiallyLoaded:false EditorBounds:IsValid=true, Min=(X=0.000 Y=0.000 Z=1020.000), Max=(X=0.000 Y=0.000 Z=1020.000) RuntimeBounds:IsValid=true, Min=(X=0.000 Y=0.000 Z=1020.000), Max=(X=0.000 Y=0.000 Z=1020.000) RuntimeGrid:None EditorOnly:false RuntimeOnly:false HLODRelevant:false ListedInSceneOutliner:true IsMainWorldOnly:false FolderPath:Lighting FolderGuid:0BA5F0A04EADB18E70D5B180D08FA34B
 |   |   |- [+] [ 27]
 |   |   |   |- Guid:CE8D82634660FCDB3120E2B8D547C533 NativeClass:/Script/Engine.PostProcessVolume Name:PostProcessVolume_0 Label:PostProcessVolume SpatiallyLoaded:false EditorBounds:IsValid=true, Min=(X=0.000 Y=0.000 Z=400.000), Max=(X=200.000 Y=200.000 Z=600.000) RuntimeBounds:IsValid=true, Min=(X=0.000 Y=0.000 Z=400.000), Max=(X=200.000 Y=200.000 Z=600.000) RuntimeGrid:None EditorOnly:false RuntimeOnly:false HLODRelevant:false ListedInSceneOutliner:true IsMainWorldOnly:false FolderPath:Lighting FolderGuid:0BA5F0A04EADB18E70D5B180D08FA34B
 |   |   |- [+] [ 28]
 |   |   |   |- Guid:E5320C1B4FD9764CE7B54D8487AEC613 NativeClass:/Script/Engine.SkyLight Name:SkyLight_0 Label:SkyLight SpatiallyLoaded:false EditorBounds:IsValid=true, Min=(X=0.000 Y=0.000 Z=690.000), Max=(X=0.000 Y=0.000 Z=690.000) RuntimeBounds:IsValid=true, Min=(X=0.000 Y=0.000 Z=690.000), Max=(X=0.000 Y=0.000 Z=690.000) RuntimeGrid:None EditorOnly:false RuntimeOnly:false HLODRelevant:false ListedInSceneOutliner:true IsMainWorldOnly:false FolderPath:Lighting FolderGuid:0BA5F0A04EADB18E70D5B180D08FA34B
 |   |   |- [+] [ 29]
 |   |   |   |- Guid:EEA20FA843928627C3890991AFF102B3 NativeClass:/Script/Engine.StaticMeshActor Name:StaticMeshActor_UAID_107C614CA940345402_1891416363 Label:Cube10 SpatiallyLoaded:true EditorBounds:IsValid=true, Min=(X=2850.000 Y=823.273 Z=-20.962), Max=(X=2900.000 Y=3725.273 Z=760.788) RuntimeBounds:IsValid=true, Min=(X=2850.000 Y=823.273 Z=-20.962), Max=(X=2900.000 Y=3725.273 Z=760.788) RuntimeGrid:None EditorOnly:false RuntimeOnly:false HLODRelevant:true ListedInSceneOutliner:true IsMainWorldOnly:false
 |   |   |- [+] [ 30]
 |   |   |   |- Guid:F07F1AF64C7C7C238EE1B4BF8C122DD8 NativeClass:/Script/Engine.StaticMeshActor Name:StaticMeshActor_4 Label:SM_Cube3 SpatiallyLoaded:true EditorBounds:IsValid=true, Min=(X=0.000 Y=3400.000 Z=0.000), Max=(X=3000.000 Y=3500.000 Z=700.000) RuntimeBounds:IsValid=true, Min=(X=0.000 Y=3400.000 Z=0.000), Max=(X=3000.000 Y=3500.000 Z=700.000) RuntimeGrid:None EditorOnly:false RuntimeOnly:false HLODRelevant:true ListedInSceneOutliner:true IsMainWorldOnly:false FolderPath:Playground FolderGuid:6C02BB504B69D1F3D7A624B130C18E5B
 |   |   |- [+] [ 31]
 |   |   |   |- Guid:F80621C9446867154938FE81375207DA NativeClass:/Script/Engine.DirectionalLight Name:DirectionalLight_1 Label:DirectionalLight SpatiallyLoaded:false EditorBounds:IsValid=true, Min=(X=-1048576.000 Y=-1048576.000 Z=-1048576.000), Max=(X=1048576.000 Y=1048576.000 Z=1048576.000) RuntimeBounds:IsValid=true, Min=(X=-1048576.000 Y=-1048576.000 Z=-1048576.000), Max=(X=1048576.000 Y=1048576.000 Z=1048576.000) RuntimeGrid:None EditorOnly:false RuntimeOnly:false HLODRelevant:false ListedInSceneOutliner:true IsMainWorldOnly:false FolderPath:Lighting FolderGuid:0BA5F0A04EADB18E70D5B180D08FA34B
 |- ContainerInstances:
 |- [+] MainContainer:
 |   |-        ID: 00000000000000000000000000000000
 |   |-  ParentID: 00000000000000000000000000000000
 |   |-    Bounds: IsValid=false, Min=(X=0.000 Y=0.000 Z=0.000), Max=(X=0.000 Y=0.000 Z=0.000)
 |   |- Transform: 0.000000,0.000000,0.000000|0.000000,0.000000,-0.000000|1.000000,1.000000,1.000000
 |   |- Container: /Game/FirstPerson/Maps/FirstPersonMap
----------------------------------------------------------------------------------------------------------------
FirstPersonMap - Persistent Level
----------------------------------------------------------------------------------------------------------------
[+] Content of FirstPersonMap Persistent Level
 |- Always loaded Actor Count: 32 
 |- Actor Path: /Game/FirstPerson/Maps/FirstPersonMap.FirstPersonMap:PersistentLevel.BP_Button_C_UAID_04D9F57FEA1B805402_2071338735
 |- Actor Package: /Game/__ExternalActors__/FirstPerson/Maps/FirstPersonMap/A/QS/IZH02WIEAY2UOIC63UVEPG
 |- Actor Path: /Game/FirstPerson/Maps/FirstPersonMap.FirstPersonMap:PersistentLevel.BP_Pickup_Rifle2_C_UAID_107C614CA940595002_1888504645
 |- Actor Package: /Game/__ExternalActors__/FirstPerson/Maps/FirstPersonMap/B/E1/TYWQOQDHAI6I865QG9G7BQ
 |- Actor Path: /Game/FirstPerson/Maps/FirstPersonMap.FirstPersonMap:PersistentLevel.BP_TargetManager_C_UAID_04D9F57FEA1B805402_1395510734
 |- Actor Package: /Game/__ExternalActors__/FirstPerson/Maps/FirstPersonMap/0/38/MAB29XNRXIUH13SE2CQ3PZ
 |- Actor Path: /Game/FirstPerson/Maps/FirstPersonMap.FirstPersonMap:PersistentLevel.DirectionalLight_1
 |- Actor Package: /Game/__ExternalActors__/FirstPerson/Maps/FirstPersonMap/0/WB/V4ALNTJYOVWM8BU452CKV5
 |- Actor Path: /Game/FirstPerson/Maps/FirstPersonMap.FirstPersonMap:PersistentLevel.ExponentialHeightFog_0
 |- Actor Package: /Game/__ExternalActors__/FirstPerson/Maps/FirstPersonMap/0/CL/381LM03PFI8AF9NED1SEV2
 |- Actor Path: /Game/FirstPerson/Maps/FirstPersonMap.FirstPersonMap:PersistentLevel.PlayerStart_0
 |- Actor Package: /Game/__ExternalActors__/FirstPerson/Maps/FirstPersonMap/8/Z7/W1SXRCM1KAKBJOIZDLHZ47
 |- Actor Path: /Game/FirstPerson/Maps/FirstPersonMap.FirstPersonMap:PersistentLevel.PointLight_UAID_107C614CA940335402_1272573180
 |- Actor Package: /Game/__ExternalActors__/FirstPerson/Maps/FirstPersonMap/8/RB/KDZ2TF4SK3NMRET3TDRX5I
 |- Actor Path: /Game/FirstPerson/Maps/FirstPersonMap.FirstPersonMap:PersistentLevel.PostProcessVolume_0
 |- Actor Package: /Game/__ExternalActors__/FirstPerson/Maps/FirstPersonMap/E/MX/R1GV431P5FDO08OFULRA01
 |- Actor Path: /Game/FirstPerson/Maps/FirstPersonMap.FirstPersonMap:PersistentLevel.SkeletalMeshActor_UAID_107C614CA940585002_2121115464
 |- Actor Package: /Game/__ExternalActors__/FirstPerson/Maps/FirstPersonMap/6/PX/9ZIZNWJRVH8D0S5N00CG97
 |- Actor Path: /Game/FirstPerson/Maps/FirstPersonMap.FirstPersonMap:PersistentLevel.SkyAtmosphere_0
 |- Actor Package: /Game/__ExternalActors__/FirstPerson/Maps/FirstPersonMap/C/VO/VMN4G7K3NKKV6F8HTPHHDB
 |- Actor Path: /Game/FirstPerson/Maps/FirstPersonMap.FirstPersonMap:PersistentLevel.SkyLight_0
 |- Actor Package: /Game/__ExternalActors__/FirstPerson/Maps/FirstPersonMap/6/0Z/5RQIHCZ9W3UXRGL4LTLQAK
 |- Actor Path: /Game/FirstPerson/Maps/FirstPersonMap.FirstPersonMap:PersistentLevel.SpotLight_UAID_107C614CA940335402_1587317184
 |- Actor Package: /Game/__ExternalActors__/FirstPerson/Maps/FirstPersonMap/9/71/2MPDELWUVLEQDAWBEAW5TV
 |- Actor Path: /Game/FirstPerson/Maps/FirstPersonMap.FirstPersonMap:PersistentLevel.StaticMeshActor_0
 |- Actor Package: /Game/__ExternalActors__/FirstPerson/Maps/FirstPersonMap/7/L5/1ZJ54FMA0DAL3I2Q8RFAIB
 |- Actor Path: /Game/FirstPerson/Maps/FirstPersonMap.FirstPersonMap:PersistentLevel.StaticMeshActor_10
 |- Actor Package: /Game/__ExternalActors__/FirstPerson/Maps/FirstPersonMap/A/XJ/HL558UUAGCS9HVVOI0S7PX
 |- Actor Path: /Game/FirstPerson/Maps/FirstPersonMap.FirstPersonMap:PersistentLevel.StaticMeshActor_3
 |- Actor Package: /Game/__ExternalActors__/FirstPerson/Maps/FirstPersonMap/3/AI/0XWE3RNM2XQC0ST1KXG02O
 |- Actor Path: /Game/FirstPerson/Maps/FirstPersonMap.FirstPersonMap:PersistentLevel.StaticMeshActor_4
 |- Actor Package: /Game/__ExternalActors__/FirstPerson/Maps/FirstPersonMap/6/AJ/2XZ3RUK0LFB63FVNQE7P5R
 |- Actor Path: /Game/FirstPerson/Maps/FirstPersonMap.FirstPersonMap:PersistentLevel.StaticMeshActor_9
 |- Actor Package: /Game/__ExternalActors__/FirstPerson/Maps/FirstPersonMap/E/UE/YUZ9741T50O1SYRX90OB0S
 |- Actor Path: /Game/FirstPerson/Maps/FirstPersonMap.FirstPersonMap:PersistentLevel.StaticMeshActor_UAID_107C614CA940325402_1199086999
 |- Actor Package: /Game/__ExternalActors__/FirstPerson/Maps/FirstPersonMap/9/UT/A0B67DZM0N1V8R8FW83IJL
 |- Actor Path: /Game/FirstPerson/Maps/FirstPersonMap.FirstPersonMap:PersistentLevel.StaticMeshActor_UAID_107C614CA940325402_1335675000
 |- Actor Package: /Game/__ExternalActors__/FirstPerson/Maps/FirstPersonMap/5/ZW/DAP89CEUKXZ3C23Q16KK7E
 |- Actor Path: /Game/FirstPerson/Maps/FirstPersonMap.FirstPersonMap:PersistentLevel.StaticMeshActor_UAID_107C614CA940325402_1543358001
 |- Actor Package: /Game/__ExternalActors__/FirstPerson/Maps/FirstPersonMap/1/1X/CDAWW5AGVPO3T9VWF43OHX
 |- Actor Path: /Game/FirstPerson/Maps/FirstPersonMap.FirstPersonMap:PersistentLevel.StaticMeshActor_UAID_107C614CA940325402_1662465002
 |- Actor Package: /Game/__ExternalActors__/FirstPerson/Maps/FirstPersonMap/0/59/8JWO1IU20MGXLUBTC9AT4X
 |- Actor Path: /Game/FirstPerson/Maps/FirstPersonMap.FirstPersonMap:PersistentLevel.StaticMeshActor_UAID_107C614CA940335402_1189491179
 |- Actor Package: /Game/__ExternalActors__/FirstPerson/Maps/FirstPersonMap/2/7V/T4CWI3Q7SV6GHWR5G5JIRJ
 |- Actor Path: /Game/FirstPerson/Maps/FirstPersonMap.FirstPersonMap:PersistentLevel.StaticMeshActor_UAID_107C614CA940335402_1357874181
 |- Actor Package: /Game/__ExternalActors__/FirstPerson/Maps/FirstPersonMap/3/P6/EABND519798TRTDADGZOFR
 |- Actor Path: /Game/FirstPerson/Maps/FirstPersonMap.FirstPersonMap:PersistentLevel.StaticMeshActor_UAID_107C614CA940335402_1431072182
 |- Actor Package: /Game/__ExternalActors__/FirstPerson/Maps/FirstPersonMap/4/70/WAWVFJZ5XCI6BLM5YSGFI7
 |- Actor Path: /Game/FirstPerson/Maps/FirstPersonMap.FirstPersonMap:PersistentLevel.StaticMeshActor_UAID_107C614CA940345402_1757307361
 |- Actor Package: /Game/__ExternalActors__/FirstPerson/Maps/FirstPersonMap/8/TY/T5736ZX9QE5IUROHYV3QOW
 |- Actor Path: /Game/FirstPerson/Maps/FirstPersonMap.FirstPersonMap:PersistentLevel.StaticMeshActor_UAID_107C614CA940345402_1831762362
 |- Actor Package: /Game/__ExternalActors__/FirstPerson/Maps/FirstPersonMap/7/H9/UV5OPWWQ1GOYTARBFV3FQ4
 |- Actor Path: /Game/FirstPerson/Maps/FirstPersonMap.FirstPersonMap:PersistentLevel.StaticMeshActor_UAID_107C614CA940345402_1891416363
 |- Actor Package: /Game/__ExternalActors__/FirstPerson/Maps/FirstPersonMap/A/MI/0C43BWWSWRKKL7OUDHKQVC
 |- Actor Path: /Game/FirstPerson/Maps/FirstPersonMap.FirstPersonMap:PersistentLevel.StaticMeshActor_UAID_107C614CA940345402_2038264364
 |- Actor Package: /Game/__ExternalActors__/FirstPerson/Maps/FirstPersonMap/1/JR/9NY5M3RQB8WJKSM5487Z3B
 |- Actor Path: /Game/FirstPerson/Maps/FirstPersonMap.FirstPersonMap:PersistentLevel.StaticMeshActor_UAID_A4AE111137DC5EFB00_2001720423
 |- Actor Package: /Game/__ExternalActors__/FirstPerson/Maps/FirstPersonMap/C/ZU/PDQ0AB8RLNMVID876FD49G
 |- Actor Path: /Game/FirstPerson/Maps/FirstPersonMap.FirstPersonMap:PersistentLevel.TextRenderActor_1
 |- Actor Package: /Game/__ExternalActors__/FirstPerson/Maps/FirstPersonMap/1/RN/55P1SMQLAF7OK6300D5I8N
 |- Actor Path: /Game/FirstPerson/Maps/FirstPersonMap.FirstPersonMap:PersistentLevel.VolumetricCloud_0
 |- Actor Package: /Game/__ExternalActors__/FirstPerson/Maps/FirstPersonMap/0/GO/I8WEFD3RY9V3NVQLSU6QM4
 |- Actor Path: /Game/FirstPerson/Maps/FirstPersonMap.FirstPersonMap:PersistentLevel.WorldDataLayers
 |- Actor Package: /Game/__ExternalActors__/FirstPerson/Maps/FirstPersonMap/D/0W/E1FKEGVKGOLM7HGLQPCIPO

----------------------------------------------------------------------------------------------------------------
FirstPersonMap - Runtime Hash Set
----------------------------------------------------------------------------------------------------------------

